// Jest Snapshot v1, https://goo.gl/fbAQLP

exports[`ExpenseListItem component should render correctly with expense data 1`] = `
<li>
  <Styled(Link)
    to="/edit/456def"
  >
    <div>
      <styled.h3>
        Blah
      </styled.h3>
      <styled.span>
        August 30th, 2020
      </styled.span>
    </div>
    <styled.span>
      $26.50
    </styled.span>
  </Styled(Link)>
</li>
`;
