// Jest Snapshot v1, https://goo.gl/fbAQLP

exports[`ExpenseListItem component should render correctly with expense data 1`] = `
<div>
  <Link
    to="/edit/456def"
  >
    <h4>
      Blah
    </h4>
  </Link>
  <p>
    $26.50
    -
    August 30th, 2020
  </p>
  <p>
    This is a note
  </p>
</div>
`;
