// Jest Snapshot v1, https://goo.gl/fbAQLP

exports[`Header component should render correctly when logged in 1`] = `
<Fragment>
  <styled.header>
    <Styled(styled.div)>
      <Styled(Link)
        to="/"
      >
        <h1>
          Expenses
        </h1>
      </Styled(Link)>
      <Button
        onClick={[Function]}
      >
        Logout
      </Button>
    </Styled(styled.div)>
  </styled.header>
</Fragment>
`;

exports[`Header component should render correctly when logged out 1`] = `<Fragment />`;
