// Jest Snapshot v1, https://goo.gl/fbAQLP

exports[`Dashboard component should render correctly 1`] = `
<styled.div
  padBottom={true}
>
  <ExpenseTotal
    count={3}
    total={483248}
  />
  <ExpenseListFilter />
  <ExpenseList
    expenses={
      Array [
        Object {
          "amount": 140500,
          "createdAt": 1598763926001,
          "description": "Title",
          "id": "123abc",
          "note": "",
          "user": "user1",
        },
        Object {
          "amount": 2650,
          "createdAt": 1598763926009,
          "description": "Blah",
          "id": "456def",
          "note": "This is a note",
          "user": "user2",
        },
        Object {
          "amount": 340098,
          "createdAt": 1598763926345,
          "description": "Another one",
          "id": "789ghi",
          "note": "Text goes here",
          "user": "user1",
        },
      ]
    }
  />
  <Styled(Link)
    title="Add expense"
    to="/create"
  >
    +
  </Styled(Link)>
</styled.div>
`;
