// Jest Snapshot v1, https://goo.gl/fbAQLP

exports[`EditExpensePage should render correctly 1`] = `
<styled.div
  padBottom={true}
>
  <styled.div>
    <h2>
      Edit Expense
    </h2>
  </styled.div>
  <ExpenseForm
    expense={
      Object {
        "amount": 140500,
        "createdAt": 1598763926001,
        "description": "Title",
        "id": "123abc",
        "note": "",
      }
    }
    onSubmit={[Function]}
  />
  <RemoveButton
    onClick={[Function]}
  >
    Remove
  </RemoveButton>
</styled.div>
`;
