// Jest Snapshot v1, https://goo.gl/fbAQLP

exports[`ExpenseList component should render with expenses 1`] = `
<div>
  <ExpenseListItem
    amount={140500}
    createdAt={1598763926001}
    description="Title"
    id="123abc"
    key="123abc"
    note=""
    user="user1"
  />
  <ExpenseListItem
    amount={2650}
    createdAt={1598763926009}
    description="Blah"
    id="456def"
    key="456def"
    note="This is a note"
    user="user2"
  />
  <ExpenseListItem
    amount={340098}
    createdAt={1598763926345}
    description="Another one"
    id="789ghi"
    key="789ghi"
    note="Text goes here"
    user="user1"
  />
</div>
`;

exports[`ExpenseList component show render with empty message 1`] = `
<div>
  <p>
    Add an expense
  </p>
</div>
`;
